2025-03-24T22:02:31.841+02:00  INFO 2748 --- [main] s.mentoring.pricing.service.Application  : Starting Application using Java 17.0.10 with PID 2748 (D:\Code\mentoring_vmc\target\classes started by User in D:\Code\mentoring_vmc)
2025-03-24T22:02:31.845+02:00  INFO 2748 --- [main] s.mentoring.pricing.service.Application  : No active profile set, falling back to 1 default profile: "default"
2025-03-24T22:02:33.746+02:00  INFO 2748 --- [main] .s.d.r.c.RepositoryConfigurationDelegate : Bootstrapping Spring Data JPA repositories in DEFAULT mode.
2025-03-24T22:02:33.908+02:00  INFO 2748 --- [main] .s.d.r.c.RepositoryConfigurationDelegate : Finished Spring Data repository scanning in 145 ms. Found 1 JPA repository interfaces.
2025-03-24T22:02:35.200+02:00  INFO 2748 --- [main] o.s.b.w.embedded.tomcat.TomcatWebServer  : Tomcat initialized with port(s): 9092 (http)
2025-03-24T22:02:35.222+02:00  INFO 2748 --- [main] o.apache.catalina.core.StandardService   : Starting service [Tomcat]
2025-03-24T22:02:35.222+02:00  INFO 2748 --- [main] o.apache.catalina.core.StandardEngine    : Starting Servlet engine: [Apache Tomcat/10.1.8]
2025-03-24T22:02:35.492+02:00  INFO 2748 --- [main] o.a.c.c.C.[Tomcat].[localhost].[/]       : Initializing Spring embedded WebApplicationContext
2025-03-24T22:02:35.493+02:00  INFO 2748 --- [main] w.s.c.ServletWebServerApplicationContext : Root WebApplicationContext: initialization completed in 3520 ms
2025-03-24T22:02:35.653+02:00  INFO 2748 --- [main] com.zaxxer.hikari.HikariDataSource       : HikariPool-1 - Starting...
2025-03-24T22:02:36.029+02:00  INFO 2748 --- [main] com.zaxxer.hikari.pool.HikariPool        : HikariPool-1 - Added connection conn0: url=jdbc:h2:mem:testdb user=ADMIN
2025-03-24T22:02:36.032+02:00  INFO 2748 --- [main] com.zaxxer.hikari.HikariDataSource       : HikariPool-1 - Start completed.
2025-03-24T22:02:36.051+02:00  INFO 2748 --- [main] o.s.b.a.h2.H2ConsoleAutoConfiguration    : H2 console available at '/h2-console'. Database available at 'jdbc:h2:mem:testdb'
2025-03-24T22:02:36.338+02:00  INFO 2748 --- [main] o.hibernate.jpa.internal.util.LogHelper  : HHH000204: Processing PersistenceUnitInfo [name: default]
2025-03-24T22:02:36.458+02:00  INFO 2748 --- [main] org.hibernate.Version                    : HHH000412: Hibernate ORM core version 6.1.7.Final
2025-03-24T22:02:37.012+02:00  INFO 2748 --- [main] SQL dialect                              : HHH000400: Using dialect: org.hibernate.dialect.H2Dialect
2025-03-24T22:02:38.271+02:00 DEBUG 2748 --- [main] org.hibernate.SQL                        : create table brands (brand_id bigint generated by default as identity, brand_name varchar(255), primary key (brand_id))
2025-03-24T22:02:38.281+02:00 DEBUG 2748 --- [main] org.hibernate.SQL                        : create table offers (offer_id bigint generated by default as identity, brand_id integer, currency_iso varchar(255), end_date timestamp(6) with time zone, part_number varchar(255), price numeric(38,2), price_list_id bigint, priority integer, start_date timestamp(6) with time zone, primary key (offer_id))
2025-03-24T22:02:38.284+02:00  INFO 2748 --- [main] o.h.e.t.j.p.i.JtaPlatformInitiator       : HHH000490: Using JtaPlatform implementation: [org.hibernate.engine.transaction.jta.platform.internal.NoJtaPlatform]
2025-03-24T22:02:38.296+02:00  INFO 2748 --- [main] j.LocalContainerEntityManagerFactoryBean : Initialized JPA EntityManagerFactory for persistence unit 'default'
2025-03-24T22:02:38.929+02:00  WARN 2748 --- [main] JpaBaseConfiguration$JpaWebConfiguration : spring.jpa.open-in-view is enabled by default. Therefore, database queries may be performed during view rendering. Explicitly configure spring.jpa.open-in-view to disable this warning
2025-03-24T22:02:39.494+02:00  INFO 2748 --- [main] o.s.b.w.embedded.tomcat.TomcatWebServer  : Tomcat started on port(s): 9092 (http) with context path ''
2025-03-24T22:02:39.514+02:00  INFO 2748 --- [main] s.mentoring.pricing.service.Application  : Started Application in 8.617 seconds (process running for 9.695)
2025-03-24T22:02:52.416+02:00  INFO 2748 --- [SpringApplicationShutdownHook] j.LocalContainerEntityManagerFactoryBean : Closing JPA EntityManagerFactory for persistence unit 'default'
2025-03-24T22:02:52.421+02:00  INFO 2748 --- [SpringApplicationShutdownHook] com.zaxxer.hikari.HikariDataSource       : HikariPool-1 - Shutdown initiated...
2025-03-24T22:02:52.454+02:00  INFO 2748 --- [SpringApplicationShutdownHook] com.zaxxer.hikari.HikariDataSource       : HikariPool-1 - Shutdown completed.
